// Vitest Snapshot v1, https://vitest.dev/guide/snapshot.html

exports[`multiple exports from the same module 1`] = `
"
    

    

    fn main() {
      foo();
      bar();
    }
  

fn foo() { }

fn bar() { }"
`;
