// Vitest Snapshot v1, https://vitest.dev/guide/snapshot.html

exports[`blockComment parses /* comment */ 1`] = `
{
  "named": {},
  "value": [
    "/*",
    [
      {
        "kind": "word",
        "text": "comment",
      },
    ],
    "*/",
  ],
}
`;

exports[`parse fn with line comment 1`] = `
[
  {
    "calls": [],
    "end": 39,
    "kind": "fn",
    "name": "binaryOp",
    "nameElem": {
      "end": 16,
      "kind": "fnName",
      "name": "binaryOp",
      "start": 8,
    },
    "start": 5,
    "typeRefs": [],
  },
]
`;

exports[`wordNumArgs parses (a, b, 1) with line comments everywhere 1`] = `
[
  "a",
  "b",
  "1",
]
`;
