// Vitest Snapshot v1, https://vitest.dev/guide/snapshot.html

exports[`traverse importing from a support fn 1`] = `
[
  {
    "args": undefined,
    "name": "main",
  },
  {
    "args": [
      [
        "C",
        "A",
      ],
      [
        "D",
        "B",
      ],
    ],
    "name": "foo",
  },
  {
    "args": [
      [
        "D",
        "B",
      ],
    ],
    "name": "support",
  },
  {
    "args": [
      [
        "X",
        "B",
      ],
    ],
    "name": "bar",
  },
]
`;
