// Vitest Snapshot v1, https://vitest.dev/guide/snapshot.html

exports[`simple link 1`] = `
"fn main() {
  foo();
}

fn foo() {
  // fooImpl
}"
`;
